// Jest Snapshot v1, https://goo.gl/fbAQLP

exports[`render page correctly 1`] = `
Array [
  <nav
    className="nav-wrapper"
  >
    <div
      className="container"
    >
      <a
        className="brand"
        href="/"
      >
        Math-Magicians
      </a>
      <ul
        className="nav-links"
      >
        <li>
          <a
            aria-current="page"
            className="active"
            href="/"
            onClick={[Function]}
            style={Object {}}
          >
            Home
          </a>
        </li>
        <li>
          <a
            aria-current={null}
            href="/calculator"
            onClick={[Function]}
          >
            Calculator
          </a>
        </li>
        <li>
          <a
            aria-current={null}
            href="/quotes"
            onClick={[Function]}
          >
            Quote of the day
          </a>
        </li>
      </ul>
    </div>
  </nav>,
  <div
    className="content-container"
  >
    <h1>
      Welcome to our page!
    </h1>
    <p>
      Lorem ipsum dolor, sit amet consectetur adipisicing elit. Aliquid itaque eum, non quis sit et dicta vitae quae asperiores expedita, error quos suscipit.
    </p>
    <p>
      Lorem ipsum dolor, sit amet consectetur adipisicing elit. Aliquid itaque eum, non quis sit et dicta vitae quae asperiores expedita, error quos suscipit.
    </p>
  </div>,
]
`;
