// Jest Snapshot v1, https://goo.gl/fbAQLP

exports[`render page correctly 1`] = `
<div
  className="button-panel skin"
>
  <div
    className="btn-group"
  >
    <button
      className="button bg-gray"
      onClick={[Function]}
      type="button"
    >
      AC
    </button>
    <button
      className="button bg-gray"
      onClick={[Function]}
      type="button"
    >
      +/-
    </button>
    <button
      className="button bg-gray"
      onClick={[Function]}
      type="button"
    >
      %
    </button>
    <button
      className="button bg-orange"
      onClick={[Function]}
      type="button"
    >
      รท
    </button>
  </div>
  <div
    className="btn-group"
  >
    <button
      className="button bg-gray"
      onClick={[Function]}
      type="button"
    >
      7
    </button>
    <button
      className="button bg-gray"
      onClick={[Function]}
      type="button"
    >
      8
    </button>
    <button
      className="button bg-gray"
      onClick={[Function]}
      type="button"
    >
      9
    </button>
    <button
      className="button bg-orange"
      onClick={[Function]}
      type="button"
    >
      x
    </button>
  </div>
  <div
    className="btn-group"
  >
    <button
      className="button bg-gray"
      onClick={[Function]}
      type="button"
    >
      4
    </button>
    <button
      className="button bg-gray"
      onClick={[Function]}
      type="button"
    >
      5
    </button>
    <button
      className="button bg-gray"
      onClick={[Function]}
      type="button"
    >
      6
    </button>
    <button
      className="button bg-orange"
      onClick={[Function]}
      type="button"
    >
      -
    </button>
  </div>
  <div
    className="btn-group"
  >
    <button
      className="button bg-gray"
      onClick={[Function]}
      type="button"
    >
      1
    </button>
    <button
      className="button bg-gray"
      onClick={[Function]}
      type="button"
    >
      2
    </button>
    <button
      className="button bg-gray"
      onClick={[Function]}
      type="button"
    >
      3
    </button>
    <button
      className="button bg-orange"
      onClick={[Function]}
      type="button"
    >
      +
    </button>
  </div>
  <div
    className="btn-group"
  >
    <button
      className="button bg-gray zero"
      onClick={[Function]}
      type="button"
    >
      0
    </button>
    <button
      className="button bg-gray"
      onClick={[Function]}
      type="button"
    >
      .
    </button>
    <button
      className="button bg-orange"
      onClick={[Function]}
      type="button"
    >
      =
    </button>
  </div>
</div>
`;
