// Jest Snapshot v1, https://goo.gl/fbAQLP

exports[`render page correctly 1`] = `
<div
  className="display skin"
>
  <p>
    
  </p>
  <p>
    0
  </p>
</div>
`;
